
[31m⎯⎯⎯[39m[1m[41m Failed Suites 1 [49m[22m[31m⎯⎯⎯⎯[39m

[41m[1m FAIL [22m[49m src/tests/questions.test.ts[2m [ src/tests/questions.test.ts ][22m
[31m[1mError[22m: No test suite found in file C:/Users/DELL/StudyBond/studybond-backend/src/tests/questions.test.ts[39m
[31m[2m⎯⎯⎯⎯⎯⎯⎯⎯⎯⎯⎯⎯⎯⎯⎯⎯⎯⎯[1/6]⎯[22m[39m


[31m⎯⎯⎯⎯[39m[1m[41m Failed Tests 5 [49m[22m[31m⎯⎯⎯⎯[39m

[41m[1m FAIL [22m[49m src/tests/unit/bulk-upload.test.ts[2m > [22mBulk Upload - CSV Parsing[2m > [22mshould parse valid CSV content
[31m[1mError[22m: Cannot find module '/src/tests/modules/questions/bulk-upload' imported from 'C:/Users/DELL/StudyBond/studybond-backend/src/tests/unit/bulk-upload.test.ts'[39m
[36m [2m❯[22m src/tests/unit/bulk-upload.test.ts:[2m14:30[22m[39m
    [90m 12| [39mdescribe('Bulk…
    [90m 13| [39m    it('should…
    [90m 14| [39m        const …
    [90m   | [39m                             [31m^[39m
    [90m 15| [39m
    [90m 16| [39m        const …

[31m[2m⎯⎯⎯⎯⎯⎯⎯⎯⎯⎯⎯⎯⎯⎯⎯⎯⎯⎯[2/6]⎯[22m[39m

[41m[1m FAIL [22m[49m src/tests/unit/bulk-upload.test.ts[2m > [22mBulk Upload - CSV Parsing[2m > [22mshould handle missing optional fields
[31m[1mError[22m: Cannot find module '/src/tests/modules/questions/bulk-upload' imported from 'C:/Users/DELL/StudyBond/studybond-backend/src/tests/unit/bulk-upload.test.ts'[39m
[36m [2m❯[22m src/tests/unit/bulk-upload.test.ts:[2m28:30[22m[39m
    [90m 26| [39m
    [90m 27| [39m    it('should…
    [90m 28| [39m        const …
    [90m   | [39m                             [31m^[39m
    [90m 29| [39m
    [90m 30| [39m        const …

[31m[2m⎯⎯⎯⎯⎯⎯⎯⎯⎯⎯⎯⎯⎯⎯⎯⎯⎯⎯[3/6]⎯[22m[39m

[41m[1m FAIL [22m[49m src/tests/unit/bulk-upload.test.ts[2m > [22mBulk Upload - CSV Parsing[2m > [22mshould normalize correct answer to uppercase
[31m[1mError[22m: Cannot find module '/src/tests/modules/questions/bulk-upload' imported from 'C:/Users/DELL/StudyBond/studybond-backend/src/tests/unit/bulk-upload.test.ts'[39m
[36m [2m❯[22m src/tests/unit/bulk-upload.test.ts:[2m41:30[22m[39m
    [90m 39| [39m
    [90m 40| [39m    it('should…
    [90m 41| [39m        const …
    [90m   | [39m                             [31m^[39m
    [90m 42| [39m
    [90m 43| [39m        const …

[31m[2m⎯⎯⎯⎯⎯⎯⎯⎯⎯⎯⎯⎯⎯⎯⎯⎯⎯⎯[4/6]⎯[22m[39m

[41m[1m FAIL [22m[49m src/tests/unit/bulk-upload.test.ts[2m > [22mBulk Upload - Validation[2m > [22mshould detect missing required fields
[31m[1mError[22m: Cannot find module '/src/tests/modules/questions/bulk-upload' imported from 'C:/Users/DELL/StudyBond/studybond-backend/src/tests/unit/bulk-upload.test.ts'[39m
[36m [2m❯[22m src/tests/unit/bulk-upload.test.ts:[2m57:30[22m[39m
    [90m 55| [39m        // But…
    [90m 56| [39m        // For…
    [90m 57| [39m        const …
    [90m   | [39m                             [31m^[39m
    [90m 58| [39m
    [90m 59| [39m        const …

[31m[2m⎯⎯⎯⎯⎯⎯⎯⎯⎯⎯⎯⎯⎯⎯⎯⎯⎯⎯[5/6]⎯[22m[39m

[41m[1m FAIL [22m[49m src/tests/unit/bulk-upload.test.ts[2m > [22mBulk Upload - Option E Support[2m > [22mshould parse optionE when provided
[31m[1mError[22m: Cannot find module '/src/tests/modules/questions/bulk-upload' imported from 'C:/Users/DELL/StudyBond/studybond-backend/src/tests/unit/bulk-upload.test.ts'[39m
[36m [2m❯[22m src/tests/unit/bulk-upload.test.ts:[2m71:30[22m[39m
    [90m 69| [39mdescribe('Bulk…
    [90m 70| [39m    it('should…
    [90m 71| [39m        const …
    [90m   | [39m                             [31m^[39m
    [90m 72| [39m
    [90m 73| [39m        const …

[31m[2m⎯⎯⎯⎯⎯⎯⎯⎯⎯⎯⎯⎯⎯⎯⎯⎯⎯⎯[6/6]⎯[22m[39m

